[1788472271.487] --- logger attached ---
[1788472329.547] *** Booting Zephyr OS build v4.4.0-13857-g0d9156ec50b9 ***
[1788472329.547] Hello World! mt8390_genio_700_evk/mt8188/a55
[1788472340.556] *** Booting Zephyr OS build v4.4.0-13857-g0d9156ec50b9 ***
[1788472340.557] Hello World! mt8390_genio_700_evk/mt8188/a55
[1788472340.557] cntfrq = 13000000
[1788472340.557] SLEEP_START 0
[1788472345.561] SLEEP_END   0
[1788472345.562] SLEEP_START 1
[1788472350.567] SLEEP_END   1
[1788472350.567] SLEEP_START 2
[1788472355.579] SLEEP_END   2
[1788472355.580] DONE
[1788472373.597] *** Booting Zephyr OS build v4.4.2-18-gc4333dd7d9c2 ***
[1788472373.597] Hello World! mt8390_genio_700_evk/mt8188/a55
[1788472373.598] cntfrq = 13000000
[1788472373.598] SLEEP_START 0
[1788472378.603] SLEEP_END   0
[1788472378.603] SLEEP_START 1
[1788472383.607] SLEEP_END   1
[1788472383.608] SLEEP_START 2
[1788472388.612] SLEEP_END   2
[1788472388.613] DONE
[1788472401.624] *** Booting Zephyr OS build v4.4.0-13857-g0d9156ec50b9 ***
[1788472401.624] Hello World! mt8390_genio_700_evk/mt8188/a55
