*** Booting Zephyr OS build v4.4.0-13857-gbfaca73809d2 ***
Hello World! mt8370_genio_510_evk/mt8188/a55
[1788457603.646] --- logger attached ---
[1788457615.657] *** Booting Zephyr OS build verified/2026-09-02 ***
[1788457615.658] Hello World! mt8370_genio_510_evk/mt8188/a55
[1788457615.658] cntfrq = 13000000
[1788457615.658] SLEEP_START 0
[1788457619.661] SLEEP_END   0
[1788457619.661] SLEEP_START 1
[1788457624.665] SLEEP_END   1
[1788457624.665] SLEEP_START 2
[1788457629.669] SLEEP_END   2
[1788457629.669] DONE
[1788458988.576] --- logger attached ---
[1788458998.586] *** Booting Zephyr OS build v4.4.2-18-gc4333dd7d9c2 ***
[1788458998.586] Hello World! mt8390_genio_700_evk/mt8188/a55
[1788458998.586] cntfrq = 13000000
[1788458998.586] SLEEP_START 0
[1788459003.591] SLEEP_END   0
[1788459003.592] SLEEP_START 1
[1788459008.596] SLEEP_END   1
[1788459008.597] SLEEP_START 2
[1788459013.601] SLEEP_END   2
[1788459013.601] DONE
[1788459029.617] *** Booting Zephyr OS build v4.4.0-13857-gbfaca73809d2 ***
[1788459029.617] Hello World! mt8370_genio_510_evk/mt8188/a55
